618C06A1
612C5B15
612C4711
61771933
615BA156
E137D7B2
60CE9B71
60B6563A
615C4BB8
608208A3
