6126f797
618e8833
615a2c30
61a1db30
61a0ac35
608368a8
61a955cd
61498b8e
61816f0d
61286fd7
