E0E22B56
60E16AA1
6037947A
60993A58
60CB6E29
61798C06
616B5DE2
60DCC0E3
601A4989
60CED70B
